C51 COMPILER V9.60.7.0   DS1302                                                            09/30/2024 21:50:58 PAGE 1   


C51 COMPILER V9.60.7.0, COMPILATION OF MODULE DS1302
OBJECT MODULE PLACED IN .\Objects\ds1302.obj
COMPILER INVOKED BY: C:\Keil_v5\C51\BIN\C51.EXE ds1302.c OPTIMIZE(8,SPEED) BROWSE DEBUG OBJECTEXTEND PRINT(.\Listings\ds
                    -1302.lst) TABS(2) OBJECT(.\Objects\ds1302.obj)

line level    source

   1          #include "regx51.h"
   2          #include "delay.h"
   3          #include "ds1302.h"
   4          unsigned char READ[7] = {0x81,0x83,0x85,0x87,0x89,0x8B,0x8D};
   5          unsigned char WRITE[7] = {0x80,0x82,0x84,0x86,0x88,0x8A,0x8C};
   6          
   7          unsigned char Time[7];
   8          
   9          
  10          
  11          sbit SCLK = P3^6;
  12          sbit IO = P3^4;
  13          sbit CE = P3^5;
  14          
  15          char RTC_READ(char add)
  16          {
  17   1        char dat, temp, i;
  18   1        CE = 1;
  19   1        SCLK = 0;
  20   1        delay_us(1);
  21   1        for(i = 0;i<8;i++)
  22   1        {
  23   2          IO = add & 0x01;
  24   2          add >>= 1;
  25   2          SCLK = 1;
  26   2          delay_us(1);
  27   2          SCLK = 0;
  28   2          delay_us(1);
  29   2        }
  30   1        delay_us(1);
  31   1        for(i = 0;i<8;i++)
  32   1        {
  33   2          temp = IO;
  34   2          dat = (dat>>1)|(temp<<7);
  35   2          SCLK = 1;
  36   2          delay_us(1);
  37   2          SCLK = 0;
  38   2          delay_us(1);
  39   2        }
  40   1        delay_us(1);
  41   1        CE = 0;
  42   1        SCLK = 1;
  43   1        IO = 0;
  44   1        delay_us(1);
  45   1        IO = 1;
  46   1        return dat;
  47   1      }
  48          void RTC_WRITE(char add, char dat)
  49          {
  50   1        char i;
  51   1        CE = 1;
  52   1        SCLK = 0;
  53   1        delay_us(1);
  54   1        for(i = 0;i<8;i++)
C51 COMPILER V9.60.7.0   DS1302                                                            09/30/2024 21:50:58 PAGE 2   

  55   1        {
  56   2          IO = add & 0x01;
  57   2          add >>= 1;
  58   2          SCLK = 1;
  59   2          delay_us(1);
  60   2          SCLK = 0;
  61   2          delay_us(1);
  62   2        }
  63   1        for(i = 0;i<8;i++)
  64   1        {
  65   2          IO = dat & 0x01;
  66   2          dat >>= 1;
  67   2          SCLK = 1;
  68   2          delay_us(1);
  69   2          SCLK = 0;
  70   2          delay_us(1);
  71   2        }
  72   1        delay_us(1);
  73   1        CE = 0;
  74   1      }
  75          
  76          void SetRTC()
  77          {
  78   1        char i;
  79   1        RTC_WRITE(0x8e, 0x00);
  80   1        for(i = 0;i< 7;i++)
  81   1        {
  82   2          RTC_WRITE(WRITE[i],Time[i]);
  83   2        }
  84   1        RTC_WRITE(0x80, 0x80);
  85   1        
  86   1      }
  87          
  88          void GetRTC()
  89          {
  90   1        char i;
  91   1        for(i = 0;i<7;i++)
  92   1        {
  93   2          Time[i] = RTC_READ(READ[i]);
  94   2        }
  95   1      }


MODULE INFORMATION:   STATIC OVERLAYABLE
   CODE SIZE        =    332    ----
   CONSTANT SIZE    =   ----    ----
   XDATA SIZE       =   ----    ----
   PDATA SIZE       =   ----    ----
   DATA SIZE        =     28       9
   IDATA SIZE       =   ----    ----
   BIT SIZE         =   ----    ----
END OF MODULE INFORMATION.


C51 COMPILATION COMPLETE.  0 WARNING(S),  0 ERROR(S)
